src/store/notification.ts(51,37): error TS2339: Property 'success' does not exist on type 'NotificationListResponse'.
